[2026-10-06 16:04:52] Sistema detectado: Aurora (Version: 44.20260929.1)
[2026-10-06 16:04:52] Repositório confirmado: flathub
[2026-10-06 16:04:52] Aurora Setup Flatpak v2.0.0 | catálogo=/var/home/dan/repos/aurora-terminal-personalization/aurora-setup-script-flatpak/config/flatpaks.list | log=/var/home/dan/repos/aurora-terminal-personalization/aurora-setup-script-flatpak/logs/flatpaks-20261006-160452.log
[2026-10-06 16:05:24] PULADO: Google Chrome já instalado em system.
[2026-10-06 16:05:24] PULADO: Brave Browser já instalado em system.
[2026-10-06 16:05:24] PULADO: Visual Studio Code já instalado em system.
[2026-10-06 16:05:24] PULADO: Insomnia já instalado em system.
[2026-10-06 16:05:24] PULADO: Postman já instalado em system.
[2026-10-06 16:05:25] PULADO: pgAdmin 4 já instalado em system.
[2026-10-06 16:05:25] PULADO: Antares SQL já instalado em system.
[2026-10-06 16:05:25] PULADO: VLC já instalado em system.
[2026-10-06 16:05:25] PULADO: OBS Studio já instalado em system.
[2026-10-06 16:05:25] PULADO: HandBrake já instalado em system.
[2026-10-06 16:05:26] PULADO: fre:ac já instalado em system.
[2026-10-06 16:05:26] PULADO: Kdenlive já instalado em system.
[2026-10-06 16:05:26] PULADO: Bitwarden já instalado em system.
[2026-10-06 16:05:26] PULADO: Obsidian já instalado em system.
[2026-10-06 16:05:26] PULADO: Zotero já instalado em system.
[2026-10-06 16:05:26] PULADO: JDownloader já instalado em system.
[2026-10-06 16:05:27] PULADO: Steam já instalado em system.
[2026-10-06 16:05:27] PULADO: Heroic Games Launcher já instalado em system.
[2026-10-06 16:05:27] PULADO: GIMP já instalado em system.
[2026-10-06 16:05:27] PULADO: Camera Controls já instalado em system.
[2026-10-06 16:05:27] PULADO: Corex já instalado em system.
[2026-10-06 16:05:27] PULADO: CPU-X já instalado em system.
[2026-10-06 16:05:28] PULADO: GPU-Viewer já instalado em system.
[2026-10-06 16:05:28] PULADO: KDiskMark já instalado em system.
[2026-10-06 16:05:28] PULADO: Aurynk já instalado em system.
[2026-10-06 16:05:31] Instalando: LM Studio (ai.lmstudio.lm-studio) em system
Procurando por correspondências…

Permissões de ai.lmstudio.lm-studio:
    ipc	network	fallback-x11	pulseaudio
    wayland	dri	dbus access [1]

    [1] org.kde.StatusNotifierWatcher


 1.	   	ai.lmstudio.lm-studio	stable	i	flathub	< 1,0 GB


Instalando…
Instalando…                        0%  0 byte/s
Instalando… █                      5%
Instalando… ██▏                   11%  38,1 MB/s
Instalando… ███▍                  17%  54,1 MB/s
Instalando… ████▊                 24%  60,1 MB/s
Instalando… ██████                30%  62,8 MB/s  00:09
Instalando… ███████▍              37%  64,4 MB/s  00:08
Instalando… ████████▌             43%  65,4 MB/s  00:07
Instalando… █████████▌            48%  63,8 MB/s  00:07
Instalando… ██████████▊           54%  64,6 MB/s  00:06
Instalando… ███████████▊          59%  63,5 MB/s  00:06
Instalando… █████████████         65%  63,1 MB/s  00:05
Instalando… ██████████████        70%  63,0 MB/s  00:04
Instalando… ███████████████▏      76%  62,6 MB/s  00:03
Instalando… ████████████████      80%  61,8 MB/s  00:03
Instalando… █████████████████     85%  60,8 MB/s  00:02
Instalando… ██████████████████    90%  60,6 MB/s  00:01
Instalando… ███████████████████▏  96%  60,7 MB/s  00:00
Instalando… ███████████████████▊  99%  59,1 MB/s  00:00
Instalando… ████████████████████ 100%  59,5 MB/s  00:00
erro: Falha ao instalar ai.lmstudio.lm-studio: Error pulling from repo: Unable to write detached metadata: fallocate: Não há espaço disponível no dispositivo
[2026-10-06 16:07:06] ERRO: Falha: LM Studio (ai.lmstudio.lm-studio)
[2026-10-06 16:07:08] Instalando: Buzz (io.github.chidiwilliams.Buzz) em system
Procurando por correspondências…

Permissões de io.github.chidiwilliams.Buzz:
    ipc	network	fallback-x11	pulseaudio
    wayland	dri	file access [1]	dbus access [2]

    [1] xdg-config/kdeglobals:ro, xdg-desktop, xdg-documents, xdg-download,
        xdg-music, xdg-videos
    [2] com.canonical.AppMenu.Registrar, org.freedesktop.secrets,
        org.kde.KGlobalSettings, org.kde.kconfig.notify


 1.	   	io.github.chidiwilliams.Buzz.Locale	stable	i	flathub	< 135,3 kB (parcial)
 2.	   	io.github.chidiwilliams.Buzz	stable	i	flathub	< 5,2 GB


Instalando 1/2…
Instalando 1/2…                        0%  0 byte/s
Aviso: Espaço em disco insuficiente para completar essa operação
Instalando 2/2…
Instalando 2/2…                        0%  0 byte/s
Instalando 2/2… █▌                     8%
erro: Falha ao instalar io.github.chidiwilliams.Buzz: Enquanto executava pull de app/io.github.chidiwilliams.Buzz/x86_64/stable a partir do remoto flathub: Delta requires 9,8 GB free space, but only 1,3 GB available
[2026-10-06 16:07:10] ERRO: Falha: Buzz (io.github.chidiwilliams.Buzz)
[2026-10-06 16:07:12] Instalando: Discord (com.discordapp.Discord) em system
Procurando por correspondências…

Permissões de com.discordapp.Discord:
    ipc	network	pcsc	pulseaudio
    wayland	x11	devices	file access [1]
    dbus access [2]	tags [3]

    [1] xdg-download, xdg-pictures:ro, xdg-run/pipewire-0, xdg-videos:ro
    [2] com.canonical.AppMenu.Registrar, com.canonical.Unity,
        com.canonical.indicator.application, org.freedesktop.ScreenSaver,
        org.kde.StatusNotifierWatcher
    [3] proprietary


 1.	   	com.discordapp.Discord	stable	i	flathub	< 242,9 MB


Instalando…
Instalando…                        0%  0 byte/s
Instalando… ██▌                   13%
Instalando… ███▏                  16%
Instalando… ████                  20%  30,3 MB/s
Instalando… █████▊                29%  52,9 MB/s
Instalando… ███████▍              37%  72,6 MB/s
Instalando… ████████▊             44%  44,8 MB/s
Instalando… ██████████▏           51%  53,9 MB/s
erro: Falha ao instalar com.discordapp.Discord: Enquanto executava pull de app/com.discordapp.Discord/x86_64/stable a partir do remoto flathub: Writing content object: min-free-space-size 500MB would be exceeded, at least 1,1 MB requested
[2026-10-06 16:07:15] ERRO: Falha: Discord (com.discordapp.Discord)
[2026-10-06 16:07:15] PULADO: ZapZap já instalado em system.
[2026-10-06 16:07:15] Resumo: selecionados=30 novos=3 falhas=3
[2026-10-06 16:11:58] PULADO: Google Chrome já instalado em system.
[2026-10-06 16:11:58] PULADO: Brave Browser já instalado em system.
[2026-10-06 16:11:58] PULADO: Visual Studio Code já instalado em system.
[2026-10-06 16:11:58] PULADO: Insomnia já instalado em system.
[2026-10-06 16:11:59] PULADO: Postman já instalado em system.
[2026-10-06 16:11:59] PULADO: pgAdmin 4 já instalado em system.
[2026-10-06 16:11:59] PULADO: Antares SQL já instalado em system.
[2026-10-06 16:11:59] PULADO: VLC já instalado em system.
[2026-10-06 16:11:59] PULADO: OBS Studio já instalado em system.
[2026-10-06 16:11:59] PULADO: HandBrake já instalado em system.
[2026-10-06 16:12:00] PULADO: fre:ac já instalado em system.
[2026-10-06 16:12:00] PULADO: Kdenlive já instalado em system.
[2026-10-06 16:12:00] PULADO: Bitwarden já instalado em system.
[2026-10-06 16:12:00] PULADO: Obsidian já instalado em system.
[2026-10-06 16:12:00] PULADO: Zotero já instalado em system.
[2026-10-06 16:12:00] PULADO: JDownloader já instalado em system.
[2026-10-06 16:12:01] PULADO: Steam já instalado em system.
[2026-10-06 16:12:01] PULADO: Heroic Games Launcher já instalado em system.
[2026-10-06 16:12:01] PULADO: GIMP já instalado em system.
[2026-10-06 16:12:01] PULADO: Camera Controls já instalado em system.
[2026-10-06 16:12:01] PULADO: Corex já instalado em system.
[2026-10-06 16:12:02] PULADO: CPU-X já instalado em system.
[2026-10-06 16:12:02] PULADO: GPU-Viewer já instalado em system.
[2026-10-06 16:12:02] PULADO: KDiskMark já instalado em system.
[2026-10-06 16:12:02] PULADO: Aurynk já instalado em system.
[2026-10-06 16:12:04] Instalando: LM Studio (ai.lmstudio.lm-studio) em system
Procurando por correspondências…

Permissões de ai.lmstudio.lm-studio:
    ipc	network	fallback-x11	pulseaudio
    wayland	dri	dbus access [1]

    [1] org.kde.StatusNotifierWatcher


 1.	   	ai.lmstudio.lm-studio	stable	i	flathub	< 1,0 GB


Instalando…
Instalando…                        0%  0 byte/s
Instalando… █                      5%
Instalando… ██▏                   11%  37,1 MB/s
Instalando… ███▏                  16%  46,0 MB/s
Instalando… ████▏                 21%  48,5 MB/s
Instalando… █████▏                26%  50,4 MB/s  00:11
Instalando… ██████▏               31%  51,3 MB/s  00:11
Instalando… ███████▏              36%  51,7 MB/s  00:10
Instalando… ████████▏             41%  52,4 MB/s  00:10
Instalando… █████████▏            46%  52,4 MB/s  00:09
Instalando… ██████████            50%  52,0 MB/s  00:09
Instalando… ███████████           55%  52,4 MB/s  00:08
Instalando… ████████████          60%  52,5 MB/s  00:07
Instalando… █████████████         65%  52,8 MB/s  00:06
Instalando… ██████████████        70%  52,9 MB/s  00:05
Instalando… ██████████████▊       74%  52,5 MB/s  00:04
Instalando… ███████████████▊      79%  52,2 MB/s  00:03
Instalando… ████████████████▊     84%  52,3 MB/s  00:03
Instalando… █████████████████▌    88%  52,2 MB/s  00:02
Instalando… ██████████████████▊   94%  53,1 MB/s  00:01
Instalando… ████████████████████ 100%  53,3 MB/s  00:00
Instalação concluída.
[2026-10-06 16:14:19] OK: LM Studio
[2026-10-06 16:14:21] Instalando: Buzz (io.github.chidiwilliams.Buzz) em system
Procurando por correspondências…

Permissões de io.github.chidiwilliams.Buzz:
    ipc	network	fallback-x11	pulseaudio
    wayland	dri	file access [1]	dbus access [2]

    [1] xdg-config/kdeglobals:ro, xdg-desktop, xdg-documents, xdg-download,
        xdg-music, xdg-videos
    [2] com.canonical.AppMenu.Registrar, org.freedesktop.secrets,
        org.kde.KGlobalSettings, org.kde.kconfig.notify


 1.	   	io.github.chidiwilliams.Buzz.Locale	stable	i	flathub	< 135,3 kB (parcial)
 2.	   	io.github.chidiwilliams.Buzz	stable	i	flathub	< 5,2 GB


Instalando 1/2…
Instalando 1/2…                        0%  0 byte/s
Instalando 1/2… ████████████████████ 100%
Instalando 2/2…
Instalando 2/2…                        0%  0 byte/s
Instalando 2/2… █                      5%
Instalando 2/2… █▏                     6%
Instalando 2/2… █▌                     8%
Instalando 2/2… █▌                     8%  15,1 MB/s
Instalando 2/2… █▏                     6%  11,4 MB/s
Instalando 2/2… █▏                     6%  14,0 MB/s
Instalando 2/2… █▏                     6%  9,7 MB/s
Instalando 2/2… █▏                     6%  10,4 MB/s
Instalando 2/2… █                      5%  9,2 MB/s  01:16
Instalando 2/2… █▏                     6%  1,8 MB/s  05:13
Instalando 2/2… █▏                     6%  1,8 MB/s  05:13
Instalando 2/2… █▏                     6%  2,1 MB/s  05:29
Instalando 2/2… █▏                     6%  2,2 MB/s  05:29
Instalando 2/2… █                      5%  2,3 MB/s  06:58
Instalando 2/2… █▏                     6%  2,3 MB/s  05:44
Instalando 2/2… █▏                     6%  2,1 MB/s  06:31
Instalando 2/2… █▏                     6%  2,1 MB/s  06:31
Instalando 2/2… █▍                     7%  2,3 MB/s  05:45
Instalando 2/2… █▍                     7%  2,2 MB/s  05:58
Instalando 2/2… █▍                     7%  2,4 MB/s  05:58
Instalando 2/2… █▏                     6%  2,4 MB/s  07:18
Instalando 2/2… █▍                     7%  1,8 MB/s  08:11
Instalando 2/2… █▍                     7%  1,8 MB/s  08:51
Instalando 2/2… █▏                     6%  2,0 MB/s  10:42
Instalando 2/2… █▍                     7%  1,9 MB/s  09:18
Instalando 2/2… █▍                     7%  1,8 MB/s  10:11
Instalando 2/2… █▍                     7%  1,9 MB/s  10:11
Instalando 2/2… █▍                     7%  1,9 MB/s  10:24
Instalando 2/2… █▏                     6%  2,0 MB/s  12:32
Instalando 2/2… █▍                     7%  1,7 MB/s  12:37
Instalando 2/2… █▍                     7%  1,7 MB/s  12:50
Instalando 2/2… █▍                     7%  1,7 MB/s  12:50
Instalando 2/2… █▍                     7%  1,8 MB/s  12:50
Instalando 2/2… █▍                     7%  1,8 MB/s  12:50
Instalando 2/2… █▍                     7%  1,9 MB/s  13:17
Instalando 2/2… █▌                     8%  1,7 MB/s  12:27
Instalando 2/2… █▌                     8%  1,8 MB/s  12:39
Instalando 2/2… █▌                     8%  1,7 MB/s  12:50
Instalando 2/2… █▌                     8%  1,8 MB/s  12:50
Instalando 2/2… █▍                     7%  1,9 MB/s  15:03
Instalando 2/2… █▌                     8%  1,6 MB/s  14:45
Instalando 2/2… █▌                     8%  1,5 MB/s  16:06
Instalando 2/2… █▌                     8%  1,6 MB/s  16:06
Instalando 2/2… █▌                     8%  1,6 MB/s  16:17
Instalando 2/2… █▌                     8%  1,7 MB/s  16:29
Instalando 2/2… █▌                     8%  1,7 MB/s  16:29
Instalando 2/2… █▍                     7%  1,7 MB/s  19:15
Instalando 2/2… █▌                     8%  1,4 MB/s  19:44
Instalando 2/2… █▌                     8%  1,4 MB/s  20:07
Instalando 2/2… ██                    10%  1,4 MB/s  15:45
Instalando 2/2… ██                    10%  1,4 MB/s  15:54
Instalando 2/2… ██                    10%  1,5 MB/s  15:54
Instalando 2/2… ██                    10%  1,5 MB/s  15:54
Instalando 2/2… █▌                     8%  1,5 MB/s  20:30
Instalando 2/2… █▌                     8%  1,5 MB/s  20:42
Instalando 2/2… █▊                     9%  1,5 MB/s  18:12
Instalando 2/2… █▌                     8%  1,5 MB/s  20:53
Instalando 2/2… █▊                     9%  1,3 MB/s  21:03
Instalando 2/2… █▊                     9%  1,3 MB/s  21:24
Instalando 2/2… █▊                     9%  1,3 MB/s  21:34
Instalando 2/2… ██▏                   11%  1,4 MB/s  17:15
Instalando 2/2… █▊                     9%  1,4 MB/s  21:44
Instalando 2/2… █▊                     9%  1,4 MB/s  21:44
Instalando 2/2… █▌                     8%  1,5 MB/s  24:55
Instalando 2/2… █▊                     9%  1,3 MB/s  25:16
Instalando 2/2… █▊                     9%  1,3 MB/s  25:16
Instalando 2/2… █▊                     9%  1,3 MB/s  25:16
Instalando 2/2… █▊                     9%  1,3 MB/s  25:26
Instalando 2/2… █▊                     9%  1,3 MB/s  25:26
Instalando 2/2… █▊                     9%  1,3 MB/s  25:36
Instalando 2/2… █▊                     9%  1,3 MB/s  25:47
Instalando 2/2… █▊                     9%  1,4 MB/s  25:47
Instalando 2/2… █▊                     9%  1,4 MB/s  25:57
Instalando 2/2… █▊                     9%  1,4 MB/s  25:57
Instalando 2/2… █▌                     8%  1,4 MB/s  29:42
Instalando 2/2… █▊                     9%  1,3 MB/s  28:08
Instalando 2/2… █▊                     9%  1,3 MB/s  28:38
Instalando 2/2… █▊                     9%  1,3 MB/s  28:38
Instalando 2/2… █▊                     9%  1,3 MB/s  28:49
Instalando 2/2… ██                    10%  1,3 MB/s  25:39
Instalando 2/2… ██▍                   12%  1,3 MB/s  20:54
Instalando 2/2… ██▍                   12%  1,3 MB/s  21:01
Instalando 2/2… ██                    10%  1,3 MB/s  25:48
Instalando 2/2… ██                    10%  1,3 MB/s  25:57
Instalando 2/2… ██                    10%  1,4 MB/s  25:57
Instalando 2/2… █▊                     9%  1,4 MB/s  29:19
Instalando 2/2… ██                    10%  1,3 MB/s  27:54
Instalando 2/2… ██                    10%  1,3 MB/s  28:12
Instalando 2/2… ██                    10%  1,3 MB/s  28:21
Instalando 2/2… ██                    10%  1,3 MB/s  28:30
Instalando 2/2… ██                    10%  1,3 MB/s  28:30
Instalando 2/2… ██                    10%  1,4 MB/s  28:39
Instalando 2/2… █▊                     9%  1,4 MB/s  32:11
Instalando 2/2… ██                    10%  1,4 MB/s  28:48
Instalando 2/2… ██                    10%  1,3 MB/s  30:45
Instalando 2/2… ██                    10%  1,3 MB/s  30:45
Instalando 2/2… ██                    10%  1,3 MB/s  30:54
Instalando 2/2… █▊                     9%  1,3 MB/s  34:42
Instalando 2/2… ██                    10%  1,3 MB/s  31:03
Instalando 2/2… ██                    10%  1,4 MB/s  31:03
Instalando 2/2… ██                    10%  1,4 MB/s  31:12
Instalando 2/2… ██                    10%  1,4 MB/s  31:12
Instalando 2/2… ██▏                   11%  1,5 MB/s  28:02
Instalando 2/2… ██                    10%  1,5 MB/s  31:21
Instalando 2/2… ██                    10%  1,6 MB/s  31:30
Instalando 2/2… ██▏                   11%  1,6 MB/s  28:19
Instalando 2/2… ██▏                   11%  1,6 MB/s  28:19
Instalando 2/2… ██▏                   11%  1,6 MB/s  28:19
Instalando 2/2… ██▏                   11%  1,7 MB/s  28:27
Instalando 2/2… ██▏                   11%  1,7 MB/s  28:27
Instalando 2/2… ██▏                   11%  1,7 MB/s  28:27
Instalando 2/2… ██▏                   11%  1,7 MB/s  28:35
Instalando 2/2… ██▏                   11%  1,7 MB/s  28:35
Instalando 2/2… ██▍                   12%  1,7 MB/s  25:54
Instalando 2/2… ██▍                   12%  1,8 MB/s  26:02
Instalando 2/2… ██▍                   12%  1,8 MB/s  26:02
Instalando 2/2… ██▏                   11%  1,8 MB/s  28:43
Instalando 2/2… ██▍                   12%  1,8 MB/s  26:02
Instalando 2/2… ██▍                   12%  1,8 MB/s  26:09
Instalando 2/2… ██▍                   12%  1,8 MB/s  26:09
Instalando 2/2… ██▍                   12%  1,9 MB/s  26:16
Instalando 2/2… ██▍                   12%  1,9 MB/s  26:16
Instalando 2/2… ██▍                   12%  1,9 MB/s  26:16
Instalando 2/2… ██▍                   12%  1,9 MB/s  26:24
Instalando 2/2… ██▍                   12%  2,0 MB/s  26:24
Instalando 2/2… ██▍                   12%  2,0 MB/s  26:24
Instalando 2/2… ██▍                   12%  2,0 MB/s  26:24
Instalando 2/2… ██▍                   12%  2,0 MB/s  26:31
Instalando 2/2… ██▌                   13%  2,0 MB/s  24:12
Instalando 2/2… ██▌                   13%  2,0 MB/s  24:12
Instalando 2/2… ██▌                   13%  2,0 MB/s  24:18
Instalando 2/2… ██▌                   13%  2,1 MB/s  24:18
Instalando 2/2… ██▌                   13%  2,1 MB/s  24:25
Instalando 2/2… ██▌                   13%  2,1 MB/s  24:25
Instalando 2/2… ██▌                   13%  2,1 MB/s  24:25
Instalando 2/2… ██▌                   13%  2,1 MB/s  24:32
Instalando 2/2… ██▌                   13%  2,1 MB/s  24:32
Instalando 2/2… ██▌                   13%  2,1 MB/s  24:32
Instalando 2/2… ██▊                   14%  2,1 MB/s  22:37
Instalando 2/2… ██▊                   14%  2,2 MB/s  22:37
Instalando 2/2… ██▊                   14%  2,2 MB/s  22:37
Instalando 2/2… ██▊                   14%  2,2 MB/s  22:43
Instalando 2/2… ██▊                   14%  2,2 MB/s  22:43
Instalando 2/2… ███                   15%  2,2 MB/s  20:58
Instalando 2/2… ███                   15%  2,3 MB/s  20:58
Instalando 2/2… ███                   15%  2,3 MB/s  21:03
Instalando 2/2… ███                   15%  2,3 MB/s  21:03
Instalando 2/2… ███                   15%  2,3 MB/s  21:03
Instalando 2/2… ███                   15%  2,3 MB/s  21:09
Instalando 2/2… ███                   15%  2,3 MB/s  21:09
Instalando 2/2… ███                   15%  2,3 MB/s  21:09
Instalando 2/2… ███                   15%  2,3 MB/s  21:15
Instalando 2/2… ███                   15%  2,3 MB/s  21:15
Instalando 2/2… ███                   15%  2,4 MB/s  21:15
Instalando 2/2… ██▊                   14%  2,4 MB/s  23:02
Instalando 2/2… ███                   15%  2,4 MB/s  21:20
Instalando 2/2… ███                   15%  2,5 MB/s  21:20
Instalando 2/2… ███                   15%  2,5 MB/s  21:20
Instalando 2/2… ███                   15%  2,5 MB/s  21:26
Instalando 2/2… ███▏                  16%  2,5 MB/s  19:51
Instalando 2/2… ███▏                  16%  2,5 MB/s  19:51
Instalando 2/2… ███▏                  16%  2,5 MB/s  19:57
Instalando 2/2… ███                   15%  2,6 MB/s  21:32
Instalando 2/2… ███▏                  16%  2,6 MB/s  19:57
Instalando 2/2… ███▏                  16%  2,6 MB/s  20:02
Instalando 2/2… ███▍                  17%  2,7 MB/s  18:38
Instalando 2/2… ███▍                  17%  2,7 MB/s  18:38
Instalando 2/2… ███▍                  17%  2,8 MB/s  18:38
Instalando 2/2… ███▏                  16%  2,8 MB/s  20:07
Instalando 2/2… ███▏                  16%  2,8 MB/s  20:07
Instalando 2/2… ███▍                  17%  2,9 MB/s  18:42
Instalando 2/2… ███▍                  17%  2,9 MB/s  18:47
Instalando 2/2… ███▍                  17%  3,0 MB/s  18:47
Instalando 2/2… ███▍                  17%  3,0 MB/s  18:47
Instalando 2/2… ███▍                  17%  3,0 MB/s  18:52
Instalando 2/2… ███▍                  17%  3,1 MB/s  18:52
Instalando 2/2… ███▌                  18%  3,1 MB/s  17:36
Instalando 2/2… ███▌                  18%  3,1 MB/s  17:36
Instalando 2/2… ███▌                  18%  3,1 MB/s  17:41
Instalando 2/2… ███▊                  19%  3,2 MB/s  16:33
Instalando 2/2… ███▌                  18%  3,2 MB/s  17:41
Instalando 2/2… ███▊                  19%  3,2 MB/s  16:37
Instalando 2/2… ███▌                  18%  3,3 MB/s  17:46
Instalando 2/2… ███▊                  19%  3,3 MB/s  16:37
Instalando 2/2… ████                  20%  3,3 MB/s  15:40
Instalando 2/2… ████                  20%  3,4 MB/s  15:40
Instalando 2/2… ████                  20%  3,4 MB/s  15:44
Instalando 2/2… ████                  20%  3,5 MB/s  15:44
Instalando 2/2… ████▏                 21%  3,5 MB/s  14:47
Instalando 2/2… ████▏                 21%  3,6 MB/s  14:51
Instalando 2/2… ████▌                 23%  3,6 MB/s  13:13
Instalando 2/2… ████▌                 23%  3,7 MB/s  13:13
Instalando 2/2… ████▊                 24%  3,7 MB/s  12:33
Instalando 2/2… ████▍                 22%  3,8 MB/s  14:03
Instalando 2/2… ████▍                 22%  3,8 MB/s  14:03
Instalando 2/2… ████▍                 22%  3,9 MB/s  14:07
Instalando 2/2… ████▌                 23%  3,9 MB/s  13:20
Instalando 2/2… ████▍                 22%  4,0 MB/s  14:07
Instalando 2/2… ████▍                 22%  4,1 MB/s  14:07
Instalando 2/2… ████▍                 22%  4,1 MB/s  14:10
Instalando 2/2… ████▍                 22%  4,1 MB/s  14:10
Instalando 2/2… ████▍                 22%  4,1 MB/s  14:10
Instalando 2/2… ████▌                 23%  4,1 MB/s  13:26
Instalando 2/2… ████▌                 23%  4,2 MB/s  13:26
Instalando 2/2… ████▌                 23%  4,2 MB/s  13:26
Instalando 2/2… ████▌                 23%  4,3 MB/s  13:26
Instalando 2/2… ████▌                 23%  4,3 MB/s  13:30
Instalando 2/2… █████                 25%  4,3 MB/s  12:06
Instalando 2/2… ████▊                 24%  4,4 MB/s  12:46
Instalando 2/2… ████▊                 24%  4,4 MB/s  12:49
Instalando 2/2… ████▊                 24%  4,4 MB/s  12:49
Instalando 2/2… █████                 25%  4,4 MB/s  12:09
Instalando 2/2… █████                 25%  4,4 MB/s  12:12
Instalando 2/2… █████                 25%  4,5 MB/s  12:12
Instalando 2/2… ████▊                 24%  4,5 MB/s  12:52
Instalando 2/2… █████                 25%  4,6 MB/s  12:12
Instalando 2/2… █████▏                26%  4,6 MB/s  11:37
Instalando 2/2… █████▏                26%  4,6 MB/s  11:37
Instalando 2/2… █████▏                26%  4,7 MB/s  11:37
Instalando 2/2… █████                 25%  4,7 MB/s  12:18
Instalando 2/2… █████                 25%  4,7 MB/s  12:18
Instalando 2/2… █████▏                26%  4,7 MB/s  11:40
Instalando 2/2… █████▍                27%  4,7 MB/s  11:07
Instalando 2/2… █████▏                26%  4,8 MB/s  11:43
Instalando 2/2… █████▏                26%  4,8 MB/s  11:43
Instalando 2/2… █████▏                26%  4,8 MB/s  11:43
Instalando 2/2… █████▏                26%  4,8 MB/s  11:45
Instalando 2/2… █████▏                26%  4,8 MB/s  11:45
Instalando 2/2… █████▏                26%  4,9 MB/s  11:45
Instalando 2/2… █████▏                26%  4,9 MB/s  11:48
Instalando 2/2… █████▍                27%  4,9 MB/s  11:13
Instalando 2/2… █████▍                27%  4,9 MB/s  11:13
Instalando 2/2… █████▍                27%  4,9 MB/s  11:15
Instalando 2/2… █████▍                27%  4,9 MB/s  11:15
Instalando 2/2… █████▍                27%  4,9 MB/s  11:15
Instalando 2/2… █████▌                28%  4,9 MB/s  10:45
Instalando 2/2… █████▌                28%  5,0 MB/s  10:45
Instalando 2/2… █████▌                28%  5,0 MB/s  10:45
Instalando 2/2… █████▍                27%  5,0 MB/s  11:18
Instalando 2/2… █████▍                27%  5,0 MB/s  11:21
Instalando 2/2… █████▍                27%  5,0 MB/s  11:21
Instalando 2/2… █████▍                27%  5,0 MB/s  11:24
Instalando 2/2… █████▌                28%  5,0 MB/s  10:50
Instalando 2/2… █████▌                28%  5,0 MB/s  10:50
Instalando 2/2… █████▊                29%  5,0 MB/s  10:21
Instalando 2/2… █████▊                29%  5,0 MB/s  10:21
Instalando 2/2… █████▊                29%  5,0 MB/s  10:21
Instalando 2/2… █████▊                29%  5,0 MB/s  10:24
Instalando 2/2… █████▊                29%  5,0 MB/s  10:24
Instalando 2/2… █████▊                29%  5,1 MB/s  10:24
Instalando 2/2… █████▊                29%  5,1 MB/s  10:26
Instalando 2/2… █████▊                29%  5,1 MB/s  10:26
Instalando 2/2… █████▊                29%  5,1 MB/s  10:26
Instalando 2/2… █████▊                29%  5,1 MB/s  10:29
Instalando 2/2… █████▊                29%  5,1 MB/s  10:29
Instalando 2/2… █████▊                29%  5,1 MB/s  10:29
Instalando 2/2… █████▊                29%  5,1 MB/s  10:29
Instalando 2/2… ██████                30%  5,2 MB/s  10:02
Instalando 2/2… ██████                30%  5,2 MB/s  10:02
Instalando 2/2… ██████                30%  5,2 MB/s  10:02
Instalando 2/2… ██████                30%  5,2 MB/s  10:04
Instalando 2/2… █████▊                29%  5,3 MB/s  10:34
Instalando 2/2… ██████                30%  5,3 MB/s  10:04
Instalando 2/2… ██████▏               31%  5,3 MB/s  09:38
Instalando 2/2… ██████▏               31%  5,4 MB/s  09:38
Instalando 2/2… ██████                30%  5,4 MB/s  10:06
Instalando 2/2… ██████                30%  5,5 MB/s  10:06
Instalando 2/2… ██████                30%  5,5 MB/s  10:09
Instalando 2/2… ██████▏               31%  5,5 MB/s  09:40
Instalando 2/2… ██████▏               31%  5,5 MB/s  09:40
Instalando 2/2… ██████▍               32%  5,5 MB/s  09:16
Instalando 2/2… ██████▍               32%  5,5 MB/s  09:16
Instalando 2/2… ██████▍               32%  5,5 MB/s  09:18
Instalando 2/2… ██████▍               32%  5,6 MB/s  09:18
Instalando 2/2… ██████▍               32%  5,6 MB/s  09:18
Instalando 2/2… ██████▍               32%  5,7 MB/s  09:18
Instalando 2/2… ██████▌               33%  5,7 MB/s  08:56
Instalando 2/2… ██████▌               33%  5,7 MB/s  08:56
Instalando 2/2… ██████▍               32%  5,8 MB/s  09:21
Instalando 2/2… ██████▍               32%  5,8 MB/s  09:23
Instalando 2/2… ██████▍               32%  5,8 MB/s  09:23
Instalando 2/2… ██████▌               33%  5,8 MB/s  08:58
Instalando 2/2… ██████▌               33%  5,8 MB/s  09:00
Instalando 2/2… ██████▌               33%  5,9 MB/s  09:00
Instalando 2/2… ██████▌               33%  5,9 MB/s  09:00
Instalando 2/2… ██████▌               33%  6,0 MB/s  09:00
Instalando 2/2… ██████▌               33%  6,0 MB/s  09:02
Instalando 2/2… ███████               35%  6,0 MB/s  08:15
Instalando 2/2… ███████               35%  6,0 MB/s  08:15
Instalando 2/2… ███████               35%  6,0 MB/s  08:17
Instalando 2/2… ██████▊               34%  6,0 MB/s  08:40
Instalando 2/2… ██████▊               34%  6,1 MB/s  08:40
Instalando 2/2… ███████               35%  6,1 MB/s  08:19
Instalando 2/2… ███████▏              36%  6,1 MB/s  07:58
Instalando 2/2… ███████▏              36%  6,2 MB/s  07:58
Instalando 2/2… ███████▏              36%  6,2 MB/s  07:58
Instalando 2/2… ███████▏              36%  6,3 MB/s  08:00
Instalando 2/2… ███████▍              37%  6,4 MB/s  07:39
Instalando 2/2… ███████▍              37%  6,4 MB/s  07:39
Instalando 2/2… ███████▏              36%  6,5 MB/s  08:01
Instalando 2/2… ███████▏              36%  6,5 MB/s  08:01
Instalando 2/2… ███████▍              37%  6,5 MB/s  07:41
Instalando 2/2… ███████▌              38%  6,6 MB/s  07:23
Instalando 2/2… ███████▌              38%  6,6 MB/s  07:23
Instalando 2/2… ███████▌              38%  6,7 MB/s  07:23
Instalando 2/2… ███████▊              39%  6,7 MB/s  07:05
Instalando 2/2… ███████▊              39%  6,8 MB/s  07:07
Instalando 2/2… ███████▊              39%  6,8 MB/s  07:07
Instalando 2/2… ███████▊              39%  6,8 MB/s  07:07
Instalando 2/2… ████████              40%  6,9 MB/s  06:51
Instalando 2/2… ████████              40%  6,9 MB/s  06:51
Instalando 2/2… ████████              40%  7,0 MB/s  06:51
Instalando 2/2… ████████▏             41%  7,0 MB/s  06:35
Instalando 2/2… ████████▏             41%  7,1 MB/s  06:35
Instalando 2/2… ████████              40%  7,1 MB/s  06:52
Instalando 2/2… ████████              40%  7,2 MB/s  06:52
Instalando 2/2… ████████              40%  7,2 MB/s  06:54
Instalando 2/2… ████████▏             41%  7,2 MB/s  06:37
Instalando 2/2… ████████▏             41%  7,3 MB/s  06:37
Instalando 2/2… ████████▏             41%  7,3 MB/s  06:38
Instalando 2/2… ████████▏             41%  7,3 MB/s  06:38
Instalando 2/2… ████████▏             41%  7,3 MB/s  06:38
Instalando 2/2… ████████▍             42%  7,3 MB/s  06:23
Instalando 2/2… ████████▍             42%  7,4 MB/s  06:23
Instalando 2/2… ████████▌             43%  7,4 MB/s  06:08
Instalando 2/2… ████████▌             43%  7,4 MB/s  06:08
Instalando 2/2… ████████▌             43%  7,4 MB/s  06:09
Instalando 2/2… ████████▌             43%  7,5 MB/s  06:09
Instalando 2/2… ████████▊             44%  7,5 MB/s  05:55
Instalando 2/2… ████████▊             44%  7,5 MB/s  05:56
Instalando 2/2… ████████▊             44%  7,6 MB/s  05:56
Instalando 2/2… ████████▊             44%  7,6 MB/s  05:56
Instalando 2/2… ████████▊             44%  7,6 MB/s  05:57
Instalando 2/2… ████████▊             44%  7,6 MB/s  05:57
Instalando 2/2… ████████▊             44%  7,6 MB/s  05:57
Instalando 2/2… █████████             45%  7,7 MB/s  05:43
Instalando 2/2… █████████             45%  7,6 MB/s  05:44
Instalando 2/2… █████████             45%  7,7 MB/s  05:44
Instalando 2/2… █████████             45%  7,7 MB/s  05:44
Instalando 2/2… █████████             45%  7,7 MB/s  05:45
Instalando 2/2… █████████             45%  7,7 MB/s  05:45
Instalando 2/2… █████████             45%  7,8 MB/s  05:45
Instalando 2/2… █████████             45%  7,7 MB/s  05:47
Instalando 2/2… █████████▏            46%  7,8 MB/s  05:33
Instalando 2/2… █████████▏            46%  7,8 MB/s  05:33
Instalando 2/2… █████████▏            46%  7,8 MB/s  05:34
Instalando 2/2… █████████▏            46%  7,8 MB/s  05:34
Instalando 2/2… █████████             45%  7,9 MB/s  05:48
Instalando 2/2… █████████▏            46%  8,0 MB/s  05:34
Instalando 2/2… █████████▏            46%  8,0 MB/s  05:35
Instalando 2/2… █████████▍            47%  8,0 MB/s  05:22
Instalando 2/2… █████████▍            47%  8,0 MB/s  05:22
Instalando 2/2… █████████▍            47%  8,0 MB/s  05:23
Instalando 2/2… █████████▏            46%  8,0 MB/s  05:36
Instalando 2/2… █████████▍            47%  8,1 MB/s  05:23
Instalando 2/2… █████████▌            48%  8,1 MB/s  05:12
Instalando 2/2… █████████▌            48%  8,1 MB/s  05:12
Instalando 2/2… █████████▌            48%  8,1 MB/s  05:12
Instalando 2/2… █████████▌            48%  8,2 MB/s  05:12
Instalando 2/2… █████████▌            48%  8,2 MB/s  05:13
Instalando 2/2… █████████▌            48%  8,2 MB/s  05:13
Instalando 2/2… █████████▊            49%  8,2 MB/s  05:00
Instalando 2/2… █████████▊            49%  8,2 MB/s  05:01
Instalando 2/2… █████████▌            48%  8,2 MB/s  05:14
Instalando 2/2… █████████▌            48%  8,3 MB/s  05:14
Instalando 2/2… █████████▌            48%  8,2 MB/s  05:15
Instalando 2/2… █████████▌            48%  8,3 MB/s  05:15
Instalando 2/2… █████████▌            48%  8,3 MB/s  05:15
Instalando 2/2… █████████▊            49%  8,4 MB/s  05:02
Instalando 2/2… █████████▊            49%  8,4 MB/s  05:03
Instalando 2/2… █████████▊            49%  8,4 MB/s  05:03
Instalando 2/2… █████████▊            49%  8,4 MB/s  05:03
Instalando 2/2… █████████▊            49%  8,4 MB/s  05:04
Instalando 2/2… █████████▊            49%  8,4 MB/s  05:04
Instalando 2/2… ██████████            50%  8,4 MB/s  04:53
Instalando 2/2… ██████████            50%  8,4 MB/s  04:54
Instalando 2/2… ██████████▏           51%  8,5 MB/s  04:42
Instalando 2/2… ██████████▏           51%  8,5 MB/s  04:42
Instalando 2/2… ██████████▏           51%  8,5 MB/s  04:42
Instalando 2/2… ██████████▏           51%  8,5 MB/s  04:43
Instalando 2/2… ██████████▏           51%  8,5 MB/s  04:43
Instalando 2/2… ██████████▏           51%  8,5 MB/s  04:43
Instalando 2/2… ██████████▏           51%  8,5 MB/s  04:44
Instalando 2/2… ██████████▏           51%  8,5 MB/s  04:44
Instalando 2/2… ██████████▏           51%  8,5 MB/s  04:44
Instalando 2/2… ██████████▏           51%  8,5 MB/s  04:45
Instalando 2/2… ██████████            50%  8,5 MB/s  04:57
Instalando 2/2… ██████████▏           51%  8,5 MB/s  04:45
Instalando 2/2… ██████████▍           52%  8,6 MB/s  04:34
Instalando 2/2… ██████████▍           52%  8,6 MB/s  04:35
Instalando 2/2… ██████████▏           51%  8,6 MB/s  04:46
Instalando 2/2… ██████████▏           51%  8,6 MB/s  04:46
Instalando 2/2… ██████████▏           51%  8,6 MB/s  04:47
Instalando 2/2… ██████████▏           51%  8,6 MB/s  04:47
Instalando 2/2… ██████████▍           52%  8,7 MB/s  04:36
Instalando 2/2… ██████████▍           52%  8,7 MB/s  04:36
Instalando 2/2… ██████████▌           53%  8,7 MB/s  04:26
Instalando 2/2… ██████████▌           53%  8,7 MB/s  04:26
Instalando 2/2… ██████████▌           53%  8,7 MB/s  04:26
Instalando 2/2… ██████████▌           53%  8,8 MB/s  04:26
Instalando 2/2… ██████████▌           53%  8,8 MB/s  04:26
Instalando 2/2… ██████████▌           53%  8,9 MB/s  04:26
Instalando 2/2… ██████████▌           53%  8,9 MB/s  04:27
Instalando 2/2… ██████████▌           53%  8,9 MB/s  04:27
Instalando 2/2… ██████████▌           53%  8,9 MB/s  04:27
Instalando 2/2… ██████████▊           54%  8,9 MB/s  04:18
Instalando 2/2… ██████████▊           54%  8,9 MB/s  04:18
Instalando 2/2… ██████████▊           54%  9,0 MB/s  04:18
Instalando 2/2… ███████████           55%  9,0 MB/s  04:07
Instalando 2/2… ███████████           55%  9,0 MB/s  04:08
Instalando 2/2… ███████████           55%  9,0 MB/s  04:08
Instalando 2/2… ███████████           55%  9,1 MB/s  04:08
Instalando 2/2… ███████████▏          56%  9,0 MB/s  03:59
Instalando 2/2… ███████████▏          56%  9,1 MB/s  03:59
Instalando 2/2… ███████████▏          56%  9,1 MB/s  03:59
Instalando 2/2… ███████████▏          56%  9,1 MB/s  04:00
Instalando 2/2… ███████████▏          56%  9,1 MB/s  04:00
Instalando 2/2… ███████████▏          56%  9,1 MB/s  04:00
Instalando 2/2… ███████████▏          56%  9,1 MB/s  04:00
Instalando 2/2… ███████████▏          56%  9,1 MB/s  04:01
Instalando 2/2… ███████████▍          57%  9,2 MB/s  03:51
Instalando 2/2… ███████████▍          57%  9,2 MB/s  03:51
Instalando 2/2… ███████████▍          57%  9,2 MB/s  03:52
Instalando 2/2… ███████████▍          57%  9,2 MB/s  03:52
Instalando 2/2… ███████████▍          57%  9,2 MB/s  03:52
Instalando 2/2… ███████████▍          57%  9,2 MB/s  03:53
Instalando 2/2… ███████████▍          57%  9,2 MB/s  03:53
Instalando 2/2… ███████████▏          56%  9,3 MB/s  04:02
Instalando 2/2… ███████████▍          57%  9,3 MB/s  03:53
Instalando 2/2… ███████████▍          57%  9,3 MB/s  03:53
Instalando 2/2… ███████████▍          57%  9,3 MB/s  03:53
Instalando 2/2… ███████████▍          57%  9,3 MB/s  03:53
Instalando 2/2… ███████████▍          57%  9,3 MB/s  03:54
Instalando 2/2… ███████████▍          57%  9,3 MB/s  03:54
Instalando 2/2… ███████████▍          57%  9,4 MB/s  03:54
Instalando 2/2… ███████████▍          57%  9,3 MB/s  03:55
Instalando 2/2… ███████████▍          57%  9,3 MB/s  03:55
Instalando 2/2… ███████████▍          57%  9,4 MB/s  03:55
Instalando 2/2… ███████████▌          58%  9,4 MB/s  03:45
Instalando 2/2… ███████████▌          58%  9,4 MB/s  03:46
Instalando 2/2… ███████████▌          58%  9,4 MB/s  03:46
Instalando 2/2… ███████████▌          58%  9,4 MB/s  03:46
Instalando 2/2… ███████████▌          58%  9,4 MB/s  03:47
Instalando 2/2… ███████████▌          58%  9,4 MB/s  03:47
Instalando 2/2… ███████████▊          59%  9,5 MB/s  03:38
Instalando 2/2… ███████████▊          59%  9,5 MB/s  03:38
Instalando 2/2… ███████████▊          59%  9,5 MB/s  03:38
Instalando 2/2… ███████████▊          59%  9,5 MB/s  03:38
Instalando 2/2… ███████████▊          59%  9,5 MB/s  03:39
Instalando 2/2… ███████████▊          59%  9,5 MB/s  03:39
Instalando 2/2… ███████████▊          59%  9,6 MB/s  03:39
Instalando 2/2… ████████████          60%  9,6 MB/s  03:30
Instalando 2/2… ████████████          60%  9,6 MB/s  03:31
Instalando 2/2… ████████████          60%  9,6 MB/s  03:31
Instalando 2/2… ████████████          60%  9,6 MB/s  03:31
Instalando 2/2… ████████████▏         61%  9,6 MB/s  03:23
Instalando 2/2… ████████████▏         61%  9,6 MB/s  03:23
Instalando 2/2… ████████████▏         61%  9,7 MB/s  03:23
Instalando 2/2… ████████████▏         61%  9,7 MB/s  03:23
Instalando 2/2… ████████████▏         61%  9,7 MB/s  03:23
Instalando 2/2… ████████████▍         62%  9,7 MB/s  03:15
Instalando 2/2… ████████████▍         62%  9,7 MB/s  03:15
Instalando 2/2… ████████████▍         62%  9,7 MB/s  03:16
Instalando 2/2… ████████████▍         62%  9,7 MB/s  03:16
Instalando 2/2… ████████████▍         62%  9,8 MB/s  03:16
Instalando 2/2… ████████████▍         62%  9,8 MB/s  03:16
Instalando 2/2… ████████████▍         62%  9,8 MB/s  03:16
Instalando 2/2… ████████████▍         62%  9,8 MB/s  03:16
Instalando 2/2… ████████████▍         62%  9,8 MB/s  03:17
Instalando 2/2… ████████████▌         63%  9,9 MB/s  03:09
Instalando 2/2… ████████████▌         63%  9,9 MB/s  03:09
Instalando 2/2… ████████████▊         64%  9,9 MB/s  03:01
Instalando 2/2… ████████████▊         64%  9,9 MB/s  03:01
Instalando 2/2… ████████████▊         64%  10,0 MB/s  03:01
Instalando 2/2… ████████████▊         64%  10,0 MB/s  03:01
Instalando 2/2… █████████████         65%  10,0 MB/s  02:54
Instalando 2/2… █████████████         65%  10,1 MB/s  02:54
Instalando 2/2… █████████████         65%  10,1 MB/s  02:54
Instalando 2/2… █████████████         65%  10,1 MB/s  02:55
Instalando 2/2… █████████████         65%  10,1 MB/s  02:55
Instalando 2/2… █████████████         65%  10,2 MB/s  02:55
Instalando 2/2… █████████████▏        66%  10,2 MB/s  02:47
Instalando 2/2… █████████████         65%  10,2 MB/s  02:55
Instalando 2/2… █████████████         65%  10,2 MB/s  02:55
Instalando 2/2… █████████████         65%  10,3 MB/s  02:55
Instalando 2/2… █████████████         65%  10,3 MB/s  02:56
Instalando 2/2… █████████████▍        67%  10,3 MB/s  02:41
Instalando 2/2… █████████████▍        67%  10,3 MB/s  02:41
Instalando 2/2… █████████████▍        67%  10,3 MB/s  02:41
Instalando 2/2… █████████████▍        67%  10,3 MB/s  02:41
Instalando 2/2… █████████████▍        67%  10,4 MB/s  02:41
Instalando 2/2… █████████████▍        67%  10,4 MB/s  02:42
Instalando 2/2… █████████████▌        68%  10,4 MB/s  02:34
Instalando 2/2… █████████████▌        68%  10,4 MB/s  02:34
Instalando 2/2… █████████████▌        68%  10,4 MB/s  02:34
Instalando 2/2… █████████████▌        68%  10,4 MB/s  02:35
Instalando 2/2… █████████████▌        68%  10,5 MB/s  02:35
Instalando 2/2… █████████████▌        68%  10,5 MB/s  02:35
Instalando 2/2… █████████████▊        69%  10,5 MB/s  02:28
Instalando 2/2… █████████████▊        69%  10,6 MB/s  02:28
Instalando 2/2… █████████████▊        69%  10,6 MB/s  02:28
Instalando 2/2… █████████████▊        69%  10,6 MB/s  02:29
Instalando 2/2… ██████████████        70%  10,7 MB/s  02:22
Instalando 2/2… ██████████████        70%  10,7 MB/s  02:22
Instalando 2/2… █████████████▊        69%  10,7 MB/s  02:29
Instalando 2/2… ██████████████        70%  10,8 MB/s  02:22
Instalando 2/2… ██████████████        70%  10,8 MB/s  02:22
Instalando 2/2… ██████████████        70%  10,8 MB/s  02:22
Instalando 2/2… ██████████████        70%  10,8 MB/s  02:23
Instalando 2/2… ██████████████        70%  10,9 MB/s  02:23
Instalando 2/2… ██████████████        70%  10,9 MB/s  02:23
Instalando 2/2… ██████████████▍       72%  10,9 MB/s  02:10
Instalando 2/2… ██████████████▍       72%  10,9 MB/s  02:10
Instalando 2/2… ██████████████▍       72%  10,9 MB/s  02:10
Instalando 2/2… ██████████████▍       72%  11,0 MB/s  02:10
Instalando 2/2… ██████████████▍       72%  11,0 MB/s  02:10
Instalando 2/2… ██████████████▌       73%  11,0 MB/s  02:04
Instalando 2/2… ██████████████▌       73%  11,0 MB/s  02:04
Instalando 2/2… ██████████████▌       73%  11,0 MB/s  02:04
Instalando 2/2… ██████████████▌       73%  11,0 MB/s  02:04
Instalando 2/2… ██████████████▌       73%  11,1 MB/s  02:04
Instalando 2/2… ██████████████▌       73%  11,1 MB/s  02:05
Instalando 2/2… ██████████████▌       73%  11,1 MB/s  02:05
Instalando 2/2… ██████████████▊       74%  11,1 MB/s  01:58
Instalando 2/2… ██████████████▊       74%  11,1 MB/s  01:58
Instalando 2/2… ██████████████▊       74%  11,1 MB/s  01:59
Instalando 2/2… ██████████████▊       74%  11,2 MB/s  01:59
Instalando 2/2… ██████████████▊       74%  11,2 MB/s  01:59
Instalando 2/2… ██████████████▊       74%  11,2 MB/s  01:59
Instalando 2/2… ███████████████       75%  11,2 MB/s  01:53
Instalando 2/2… ██████████████▊       74%  11,3 MB/s  01:59
Instalando 2/2… ██████████████▊       74%  11,3 MB/s  01:59
Instalando 2/2… ███████████████       75%  11,3 MB/s  01:53
Instalando 2/2… ███████████████       75%  11,3 MB/s  01:53
Instalando 2/2… ███████████████▏      76%  11,3 MB/s  01:47
Instalando 2/2… ███████████████       75%  11,3 MB/s  01:54
Instalando 2/2… ███████████████       75%  11,3 MB/s  01:54
Instalando 2/2… ███████████████       75%  11,4 MB/s  01:54
Instalando 2/2… ███████████████▏      76%  11,4 MB/s  01:48
Instalando 2/2… ███████████████       75%  11,4 MB/s  01:54
Instalando 2/2… ███████████████▍      77%  11,4 MB/s  01:42
Instalando 2/2… ███████████████▏      76%  11,4 MB/s  01:48
Instalando 2/2… ███████████████▏      76%  11,4 MB/s  01:48
Instalando 2/2… ███████████████▍      77%  11,5 MB/s  01:42
Instalando 2/2… ███████████████▍      77%  11,5 MB/s  01:42
Instalando 2/2… ███████████████▍      77%  11,5 MB/s  01:43
Instalando 2/2… ███████████████▌      78%  11,5 MB/s  01:37
Instalando 2/2… ███████████████▍      77%  11,6 MB/s  01:43
Instalando 2/2… ███████████████▌      78%  11,6 MB/s  01:37
Instalando 2/2… ███████████████▌      78%  11,6 MB/s  01:37
Instalando 2/2… ███████████████▊      79%  11,7 MB/s  01:31
Instalando 2/2… ███████████████▊      79%  11,7 MB/s  01:32
Instalando 2/2… ████████████████▏     81%  11,7 MB/s  01:21
Instalando 2/2… ████████████████▏     81%  11,7 MB/s  01:21
Instalando 2/2… ████████████████      80%  11,8 MB/s  01:27
Instalando 2/2… ████████████████      80%  11,8 MB/s  01:27
Instalando 2/2… ████████████████      80%  11,9 MB/s  01:27
Instalando 2/2… ████████████████▏     81%  11,9 MB/s  01:21
Instalando 2/2… ████████████████▏     81%  11,9 MB/s  01:21
Instalando 2/2… ████████████████      80%  12,0 MB/s  01:27
Instalando 2/2… ████████████████▏     81%  12,0 MB/s  01:21
Instalando 2/2… ████████████████▏     81%  12,0 MB/s  01:22
Instalando 2/2… ████████████████▏     81%  12,0 MB/s  01:22
Instalando 2/2… ████████████████▏     81%  12,1 MB/s  01:22
Instalando 2/2… ████████████████▏     81%  12,1 MB/s  01:22
Instalando 2/2… ████████████████▏     81%  12,1 MB/s  01:22
Instalando 2/2… ████████████████▍     82%  12,1 MB/s  01:17
Instalando 2/2… ████████████████▍     82%  12,2 MB/s  01:17
Instalando 2/2… ████████████████▍     82%  12,1 MB/s  01:17
Instalando 2/2… ████████████████▍     82%  12,2 MB/s  01:17
Instalando 2/2… ████████████████▍     82%  12,2 MB/s  01:17
Instalando 2/2… ████████████████▍     82%  12,2 MB/s  01:17
Instalando 2/2… ████████████████▌     83%  12,2 MB/s  01:12
Instalando 2/2… ████████████████▌     83%  12,2 MB/s  01:12
Instalando 2/2… ████████████████▌     83%  12,2 MB/s  01:12
Instalando 2/2… ████████████████▌     83%  12,2 MB/s  01:12
Instalando 2/2… ████████████████▌     83%  12,2 MB/s  01:12
Instalando 2/2… ████████████████▌     83%  12,2 MB/s  01:12
Instalando 2/2… ████████████████▌     83%  12,2 MB/s  01:12
Instalando 2/2… ████████████████▌     83%  12,2 MB/s  01:12
Instalando 2/2… ████████████████▌     83%  12,2 MB/s  01:12
Instalando 2/2… ████████████████▌     83%  12,2 MB/s  01:12
Instalando 2/2… ████████████████▌     83%  12,2 MB/s  01:12
Instalando 2/2… ████████████████▌     83%  12,2 MB/s  01:12
Instalando 2/2… ████████████████▊     84%  12,2 MB/s  01:08
Instalando 2/2… ████████████████▊     84%  12,2 MB/s  01:08
Instalando 2/2… ████████████████▊     84%  12,2 MB/s  01:08
Instalando 2/2… ████████████████▊     84%  12,2 MB/s  01:08
Instalando 2/2… ████████████████▊     84%  12,2 MB/s  01:08
Instalando 2/2… ████████████████▊     84%  12,2 MB/s  01:08
Instalando 2/2… ████████████████▊     84%  12,2 MB/s  01:08
Instalando 2/2… ████████████████▊     84%  12,2 MB/s  01:08
Instalando 2/2… ████████████████▊     84%  12,2 MB/s  01:08
Instalando 2/2… ████████████████▊     84%  12,2 MB/s  01:08
Instalando 2/2… ████████████████▊     84%  12,2 MB/s  01:08
Instalando 2/2… █████████████████     85%  12,3 MB/s  01:03
Instalando 2/2… █████████████████     85%  12,3 MB/s  01:03
Instalando 2/2… █████████████████     85%  12,3 MB/s  01:03
Instalando 2/2… █████████████████     85%  12,3 MB/s  01:03
Instalando 2/2… █████████████████     85%  12,3 MB/s  01:03
Instalando 2/2… █████████████████     85%  12,3 MB/s  01:03
Instalando 2/2… █████████████████     85%  12,3 MB/s  01:03
Instalando 2/2… █████████████████     85%  12,3 MB/s  01:03
Instalando 2/2… █████████████████     85%  12,3 MB/s  01:03
Instalando 2/2… █████████████████▏    86%  12,3 MB/s  00:59
Instalando 2/2… █████████████████▏    86%  12,3 MB/s  00:59
Instalando 2/2… █████████████████▏    86%  12,3 MB/s  00:59
Instalando 2/2… █████████████████▏    86%  12,3 MB/s  00:59
Instalando 2/2… █████████████████▏    86%  12,3 MB/s  00:59
Instalando 2/2… █████████████████▏    86%  12,3 MB/s  00:59
Instalando 2/2… █████████████████▏    86%  12,4 MB/s  00:59
Instalando 2/2… █████████████████▏    86%  12,3 MB/s  00:59
Instalando 2/2… █████████████████▏    86%  12,3 MB/s  00:59
Instalando 2/2… █████████████████▏    86%  12,4 MB/s  00:59
Instalando 2/2… █████████████████▍    87%  12,4 MB/s  00:54
Instalando 2/2… █████████████████▍    87%  12,4 MB/s  00:54
Instalando 2/2… █████████████████▍    87%  12,4 MB/s  00:54
Instalando 2/2… █████████████████▍    87%  12,3 MB/s  00:54
Instalando 2/2… █████████████████▍    87%  12,4 MB/s  00:54
Instalando 2/2… █████████████████▍    87%  12,4 MB/s  00:54
Instalando 2/2… █████████████████▍    87%  12,3 MB/s  00:54
Instalando 2/2… █████████████████▍    87%  12,3 MB/s  00:54
Instalando 2/2… █████████████████▍    87%  12,4 MB/s  00:54
Instalando 2/2… █████████████████▍    87%  12,4 MB/s  00:54
Instalando 2/2… █████████████████▍    87%  12,3 MB/s  00:55
Instalando 2/2… █████████████████▍    87%  12,3 MB/s  00:55
Instalando 2/2… █████████████████▍    87%  12,4 MB/s  00:55
Instalando 2/2… █████████████████▍    87%  12,4 MB/s  00:55
Instalando 2/2… █████████████████▊    89%  12,4 MB/s  00:45
Instalando 2/2… █████████████████▊    89%  12,4 MB/s  00:45
Instalando 2/2… █████████████████▊    89%  12,4 MB/s  00:45
Instalando 2/2… █████████████████▊    89%  12,4 MB/s  00:45
Instalando 2/2… █████████████████▊    89%  12,4 MB/s  00:45
Instalando 2/2… █████████████████▊    89%  12,4 MB/s  00:45
Instalando 2/2… █████████████████▊    89%  12,4 MB/s  00:45
Instalando 2/2… █████████████████▊    89%  12,4 MB/s  00:45
Instalando 2/2… ██████████████████    90%  12,5 MB/s  00:41
Instalando 2/2… ██████████████████    90%  12,4 MB/s  00:41
Instalando 2/2… ██████████████████    90%  12,4 MB/s  00:41
Instalando 2/2… ██████████████████    90%  12,4 MB/s  00:41
Instalando 2/2… ██████████████████    90%  12,4 MB/s  00:41
Instalando 2/2… ██████████████████    90%  12,4 MB/s  00:41
Instalando 2/2… ██████████████████    90%  12,5 MB/s  00:41
Instalando 2/2… ██████████████████    90%  12,5 MB/s  00:41
Instalando 2/2… ██████████████████    90%  12,5 MB/s  00:41
Instalando 2/2… ██████████████████    90%  12,5 MB/s  00:41
Instalando 2/2… ██████████████████▏   91%  12,5 MB/s  00:37
Instalando 2/2… ██████████████████▏   91%  12,5 MB/s  00:37
Instalando 2/2… ██████████████████▏   91%  12,5 MB/s  00:37
Instalando 2/2… ██████████████████▏   91%  12,5 MB/s  00:37
Instalando 2/2… ██████████████████▏   91%  12,5 MB/s  00:37
Instalando 2/2… ██████████████████▏   91%  12,5 MB/s  00:37
Instalando 2/2… ██████████████████▏   91%  12,5 MB/s  00:37
Instalando 2/2… ██████████████████▏   91%  12,5 MB/s  00:37
Instalando 2/2… ██████████████████▏   91%  12,5 MB/s  00:37
Instalando 2/2… ██████████████████▏   91%  12,5 MB/s  00:37
Instalando 2/2… ██████████████████▍   92%  12,5 MB/s  00:32
Instalando 2/2… ██████████████████▍   92%  12,5 MB/s  00:32
Instalando 2/2… ██████████████████▍   92%  12,5 MB/s  00:32
Instalando 2/2… ██████████████████▍   92%  12,5 MB/s  00:33
Instalando 2/2… ██████████████████▍   92%  12,5 MB/s  00:33
Instalando 2/2… ██████████████████▍   92%  12,5 MB/s  00:33
Instalando 2/2… ██████████████████▍   92%  12,6 MB/s  00:33
Instalando 2/2… ██████████████████▍   92%  12,5 MB/s  00:33
Instalando 2/2… ██████████████████▍   92%  12,6 MB/s  00:33
Instalando 2/2… ██████████████████▍   92%  12,6 MB/s  00:33
Instalando 2/2… ██████████████████▍   92%  12,5 MB/s  00:33
Instalando 2/2… ██████████████████▍   92%  12,5 MB/s  00:33
Instalando 2/2… ██████████████████▌   93%  12,6 MB/s  00:28
Instalando 2/2… ██████████████████▌   93%  12,5 MB/s  00:28
Instalando 2/2… ██████████████████▌   93%  12,6 MB/s  00:28
Instalando 2/2… ██████████████████▌   93%  12,6 MB/s  00:28
Instalando 2/2… ██████████████████▌   93%  12,6 MB/s  00:28
Instalando 2/2… ██████████████████▌   93%  12,6 MB/s  00:28
Instalando 2/2… ██████████████████▌   93%  12,6 MB/s  00:28
Instalando 2/2… ██████████████████▌   93%  12,6 MB/s  00:28
Instalando 2/2… ██████████████████▌   93%  12,6 MB/s  00:28
Instalando 2/2… ██████████████████▍   92%  12,6 MB/s  00:33
Instalando 2/2… ██████████████████▍   92%  12,5 MB/s  00:33
Instalando 2/2… ██████████████████▍   92%  12,5 MB/s  00:33
Instalando 2/2… ██████████████████▍   92%  12,5 MB/s  00:33
Instalando 2/2… ██████████████████▍   92%  12,5 MB/s  00:33
Instalando 2/2… ██████████████████▌   93%  12,5 MB/s  00:29
Instalando 2/2… ██████████████████▊   94%  12,5 MB/s  00:24
Instalando 2/2… ██████████████████▊   94%  12,5 MB/s  00:24
Instalando 2/2… ██████████████████▊   94%  12,5 MB/s  00:24
Instalando 2/2… ██████████████████▊   94%  12,5 MB/s  00:24
Instalando 2/2… ██████████████████▊   94%  12,5 MB/s  00:24
Instalando 2/2… ██████████████████▊   94%  12,5 MB/s  00:24
Instalando 2/2… ██████████████████▊   94%  12,5 MB/s  00:24
Instalando 2/2… ██████████████████▊   94%  12,5 MB/s  00:24
Instalando 2/2… ██████████████████▊   94%  12,5 MB/s  00:24
Instalando 2/2… ██████████████████▊   94%  12,5 MB/s  00:24
Instalando 2/2… ██████████████████▊   94%  12,5 MB/s  00:24
Instalando 2/2… ██████████████████▊   94%  12,5 MB/s  00:24
Instalando 2/2… ██████████████████▊   94%  12,5 MB/s  00:25
Instalando 2/2… ██████████████████▊   94%  12,5 MB/s  00:25
Instalando 2/2… ██████████████████▊   94%  12,5 MB/s  00:25
Instalando 2/2… ██████████████████▊   94%  12,5 MB/s  00:25
Instalando 2/2… ██████████████████▊   94%  12,5 MB/s  00:25
Instalando 2/2… ██████████████████▊   94%  12,5 MB/s  00:25
Instalando 2/2… ██████████████████▊   94%  12,4 MB/s  00:25
Instalando 2/2… ██████████████████▊   94%  12,4 MB/s  00:25
Instalando 2/2… ███████████████████   95%  12,4 MB/s  00:20
Instalando 2/2… ███████████████████   95%  12,4 MB/s  00:20
Instalando 2/2… ███████████████████   95%  12,4 MB/s  00:20
Instalando 2/2… ███████████████████   95%  12,4 MB/s  00:20
Instalando 2/2… ███████████████████   95%  12,4 MB/s  00:20
Instalando 2/2… ███████████████████   95%  12,4 MB/s  00:20
Instalando 2/2… ███████████████████   95%  12,4 MB/s  00:20
Instalando 2/2… ███████████████████   95%  12,4 MB/s  00:20
Instalando 2/2… ███████████████████   95%  12,3 MB/s  00:21
Instalando 2/2… ███████████████████   95%  12,4 MB/s  00:21
Instalando 2/2… ███████████████████   95%  12,4 MB/s  00:21
Instalando 2/2… ███████████████████   95%  12,3 MB/s  00:21
Instalando 2/2… ███████████████████   95%  12,3 MB/s  00:21
Instalando 2/2… ███████████████████   95%  12,4 MB/s  00:21
Instalando 2/2… ███████████████████   95%  12,3 MB/s  00:21
Instalando 2/2… ██████████████████▊   94%  12,4 MB/s  00:25
Instalando 2/2… ███████████████████   95%  12,4 MB/s  00:21
Instalando 2/2… ███████████████████   95%  12,4 MB/s  00:21
Instalando 2/2… ███████████████████   95%  12,4 MB/s  00:21
Instalando 2/2… ███████████████████▏  96%  12,4 MB/s  00:16
Instalando 2/2… ███████████████████▏  96%  12,3 MB/s  00:16
Instalando 2/2… ███████████████████▏  96%  12,3 MB/s  00:16
Instalando 2/2… ███████████████████▏  96%  12,4 MB/s  00:16
Instalando 2/2… ███████████████████▏  96%  12,3 MB/s  00:16
Instalando 2/2… ███████████████████   95%  12,4 MB/s  00:21
Instalando 2/2… ███████████████████   95%  12,4 MB/s  00:21
Instalando 2/2… ███████████████████▏  96%  12,4 MB/s  00:16
Instalando 2/2… ███████████████████▏  96%  12,4 MB/s  00:16
Instalando 2/2… ███████████████████▍  97%  12,4 MB/s  00:12
Instalando 2/2… ███████████████████▏  96%  12,4 MB/s  00:16
Instalando 2/2… ███████████████████▏  96%  12,4 MB/s  00:16
Instalando 2/2… ███████████████████▏  96%  12,4 MB/s  00:16
Instalando 2/2… ███████████████████▏  96%  12,4 MB/s  00:16
Instalando 2/2… ███████████████████▏  96%  12,3 MB/s  00:16
Instalando 2/2… ███████████████████▍  97%  12,4 MB/s  00:12
Instalando 2/2… ███████████████████▍  97%  12,3 MB/s  00:12
Instalando 2/2… ███████████████████▍  97%  12,3 MB/s  00:12
Instalando 2/2… ███████████████████▍  97%  12,3 MB/s  00:12
Instalando 2/2… ███████████████████▍  97%  12,3 MB/s  00:12
Instalando 2/2… ███████████████████▍  97%  12,3 MB/s  00:12
Instalando 2/2… ███████████████████▍  97%  12,3 MB/s  00:12
Instalando 2/2… ███████████████████▊  99%  12,3 MB/s  00:04
Instalando 2/2… ███████████████████▊  99%  12,3 MB/s  00:04
Instalando 2/2… ███████████████████▊  99%  12,3 MB/s  00:04
Instalando 2/2… ███████████████████▊  99%  12,3 MB/s  00:04
Instalando 2/2… ███████████████████▊  99%  12,3 MB/s  00:04
Instalando 2/2… ███████████████████▊  99%  12,3 MB/s  00:04
Instalando 2/2… ███████████████████▊  99%  12,3 MB/s  00:04
Instalando 2/2… ███████████████████▊  99%  12,3 MB/s  00:04
Instalando 2/2… ███████████████████▊  99%  12,3 MB/s  00:04
Instalando 2/2… ███████████████████▊  99%  12,3 MB/s  00:04
Instalando 2/2… ███████████████████▊  99%  12,3 MB/s  00:04
Instalando 2/2… ████████████████████ 100%  12,2 MB/s  00:00
Instalando 2/2… ████████████████████ 100%  12,3 MB/s  00:00
Instalando 2/2… ████████████████████ 100%  12,3 MB/s  00:00
Instalando 2/2… ████████████████████ 100%  10,7 MB/s  00:00
Instalação concluída.
[2026-10-06 16:25:05] OK: Buzz
[2026-10-06 16:25:07] Instalando: Discord (com.discordapp.Discord) em system
Procurando por correspondências…

Permissões de com.discordapp.Discord:
    ipc	network	pcsc	pulseaudio
    wayland	x11	devices	file access [1]
    dbus access [2]	tags [3]

    [1] xdg-download, xdg-pictures:ro, xdg-run/pipewire-0, xdg-videos:ro
    [2] com.canonical.AppMenu.Registrar, com.canonical.Unity,
        com.canonical.indicator.application, org.freedesktop.ScreenSaver,
        org.kde.StatusNotifierWatcher
    [3] proprietary


 1.	   	com.discordapp.Discord	stable	i	flathub	< 242,9 MB


Instalando…
Instalando…                        0%  0 byte/s
Instalando… ██▏                   11%
Instalando… ███▍                  17%
Instalando… ███▊                  19%  35,3 MB/s
Instalando… ████▌                 23%  43,1 MB/s
Instalando… █████▌                28%  54,3 MB/s
Instalando… ██████▏               31%  31,2 MB/s
Instalando… ██████▍               32%  32,6 MB/s
Instalando… ███████▏              36%  37,7 MB/s
Instalando… ███████▊              39%  27,7 MB/s
Instalando… ████████▊             44%  32,8 MB/s
Instalando… █████████▊            49%  36,5 MB/s
Instalando… ███████████▏          56%  32,0 MB/s  00:03
Instalando… █████████████         65%  37,3 MB/s  00:02
Instalando… ██████████████▏       71%  41,1 MB/s  00:01
Instalando… ██████████████▏       71%  32,9 MB/s  00:02
Instalando… ██████████████▍       72%  32,9 MB/s  00:01
Instalando… ██████████████▍       72%  13,7 MB/s  00:04
Instalando… ███████████████▏      76%  14,6 MB/s  00:03
Instalando… ███████████████▏      76%  13,5 MB/s  00:04
Instalando… ███████████████▌      78%  13,9 MB/s  00:03
Instalando… █████████████████▏    86%  15,5 MB/s  00:02
Instalando… █████████████████▊    89%  14,7 MB/s  00:01
Instalando… ███████████████████▍  97%  16,2 MB/s  00:00
Instalando… ███████████████████▌  98%  15,1 MB/s  00:00
Instalando… ███████████████████▌  98%  15,1 MB/s  00:00
Instalando… ████████████████████ 100%  13,4 MB/s  00:00
Instalando… ████████████████████ 100%  12,6 MB/s  00:00
Instalação concluída.
[2026-10-06 16:25:59] OK: Discord
[2026-10-06 16:26:00] PULADO: ZapZap já instalado em system.
[2026-10-06 16:26:00] Resumo: selecionados=30 novos=3 falhas=0
